[0.253s] Invoking command in '/home/uav_project/ros2_ws/src/ROS-TCP-Endpoint': PYTHONPATH=/home/uav_project/ros2_ws/build/ros_tcp_endpoint/prefix_override:/usr/lib/python3/dist-packages/colcon_core/task/python/colcon_distutils_commands:/home/uav_project/ros2_ws/install/ros_tcp_endpoint/lib/python3.10/site-packages:${PYTHONPATH} /usr/bin/python3 -W ignore:setup.py install is deprecated -W ignore:easy_install command is deprecated setup.py egg_info --egg-base ../../build/ros_tcp_endpoint build --build-base /home/uav_project/ros2_ws/build/ros_tcp_endpoint/build install --record /home/uav_project/ros2_ws/build/ros_tcp_endpoint/install.log --install-scripts $base/lib/ros_tcp_endpoint --single-version-externally-managed install_data
[0.334s] /usr/lib/python3/dist-packages/setuptools/dist.py:723: UserWarning: Usage of dash-separated 'script-dir' will not be supported in future versions. Please use the underscore name 'script_dir' instead
[0.334s]   warnings.warn(
[0.339s] running egg_info
[0.340s] creating ../../build/ros_tcp_endpoint/ros_tcp_endpoint.egg-info
[0.340s] writing ../../build/ros_tcp_endpoint/ros_tcp_endpoint.egg-info/PKG-INFO
[0.341s] writing dependency_links to ../../build/ros_tcp_endpoint/ros_tcp_endpoint.egg-info/dependency_links.txt
[0.341s] writing entry points to ../../build/ros_tcp_endpoint/ros_tcp_endpoint.egg-info/entry_points.txt
[0.342s] writing requirements to ../../build/ros_tcp_endpoint/ros_tcp_endpoint.egg-info/requires.txt
[0.342s] writing top-level names to ../../build/ros_tcp_endpoint/ros_tcp_endpoint.egg-info/top_level.txt
[0.342s] writing manifest file '../../build/ros_tcp_endpoint/ros_tcp_endpoint.egg-info/SOURCES.txt'
[0.345s] reading manifest file '../../build/ros_tcp_endpoint/ros_tcp_endpoint.egg-info/SOURCES.txt'
[0.346s] adding license file 'LICENSE'
[0.346s] writing manifest file '../../build/ros_tcp_endpoint/ros_tcp_endpoint.egg-info/SOURCES.txt'
[0.346s] running build
[0.347s] running build_py
[0.347s] creating /home/uav_project/ros2_ws/build/ros_tcp_endpoint/build
[0.347s] creating /home/uav_project/ros2_ws/build/ros_tcp_endpoint/build/lib
[0.348s] creating /home/uav_project/ros2_ws/build/ros_tcp_endpoint/build/lib/ros_tcp_endpoint
[0.348s] copying ros_tcp_endpoint/service.py -> /home/uav_project/ros2_ws/build/ros_tcp_endpoint/build/lib/ros_tcp_endpoint
[0.348s] copying ros_tcp_endpoint/server.py -> /home/uav_project/ros2_ws/build/ros_tcp_endpoint/build/lib/ros_tcp_endpoint
[0.348s] copying ros_tcp_endpoint/client.py -> /home/uav_project/ros2_ws/build/ros_tcp_endpoint/build/lib/ros_tcp_endpoint
[0.349s] copying ros_tcp_endpoint/subscriber.py -> /home/uav_project/ros2_ws/build/ros_tcp_endpoint/build/lib/ros_tcp_endpoint
[0.349s] copying ros_tcp_endpoint/__init__.py -> /home/uav_project/ros2_ws/build/ros_tcp_endpoint/build/lib/ros_tcp_endpoint
[0.350s] copying ros_tcp_endpoint/thread_pauser.py -> /home/uav_project/ros2_ws/build/ros_tcp_endpoint/build/lib/ros_tcp_endpoint
[0.350s] copying ros_tcp_endpoint/unity_service.py -> /home/uav_project/ros2_ws/build/ros_tcp_endpoint/build/lib/ros_tcp_endpoint
[0.351s] copying ros_tcp_endpoint/tcp_sender.py -> /home/uav_project/ros2_ws/build/ros_tcp_endpoint/build/lib/ros_tcp_endpoint
[0.351s] copying ros_tcp_endpoint/communication.py -> /home/uav_project/ros2_ws/build/ros_tcp_endpoint/build/lib/ros_tcp_endpoint
[0.352s] copying ros_tcp_endpoint/exceptions.py -> /home/uav_project/ros2_ws/build/ros_tcp_endpoint/build/lib/ros_tcp_endpoint
[0.352s] copying ros_tcp_endpoint/publisher.py -> /home/uav_project/ros2_ws/build/ros_tcp_endpoint/build/lib/ros_tcp_endpoint
[0.353s] copying ros_tcp_endpoint/default_server_endpoint.py -> /home/uav_project/ros2_ws/build/ros_tcp_endpoint/build/lib/ros_tcp_endpoint
[0.354s] running install
[0.354s] running install_lib
[0.354s] creating /home/uav_project/ros2_ws/install/ros_tcp_endpoint/lib/python3.10/site-packages/ros_tcp_endpoint
[0.355s] copying /home/uav_project/ros2_ws/build/ros_tcp_endpoint/build/lib/ros_tcp_endpoint/service.py -> /home/uav_project/ros2_ws/install/ros_tcp_endpoint/lib/python3.10/site-packages/ros_tcp_endpoint
[0.355s] copying /home/uav_project/ros2_ws/build/ros_tcp_endpoint/build/lib/ros_tcp_endpoint/server.py -> /home/uav_project/ros2_ws/install/ros_tcp_endpoint/lib/python3.10/site-packages/ros_tcp_endpoint
[0.356s] copying /home/uav_project/ros2_ws/build/ros_tcp_endpoint/build/lib/ros_tcp_endpoint/client.py -> /home/uav_project/ros2_ws/install/ros_tcp_endpoint/lib/python3.10/site-packages/ros_tcp_endpoint
[0.356s] copying /home/uav_project/ros2_ws/build/ros_tcp_endpoint/build/lib/ros_tcp_endpoint/subscriber.py -> /home/uav_project/ros2_ws/install/ros_tcp_endpoint/lib/python3.10/site-packages/ros_tcp_endpoint
[0.357s] copying /home/uav_project/ros2_ws/build/ros_tcp_endpoint/build/lib/ros_tcp_endpoint/__init__.py -> /home/uav_project/ros2_ws/install/ros_tcp_endpoint/lib/python3.10/site-packages/ros_tcp_endpoint
[0.357s] copying /home/uav_project/ros2_ws/build/ros_tcp_endpoint/build/lib/ros_tcp_endpoint/thread_pauser.py -> /home/uav_project/ros2_ws/install/ros_tcp_endpoint/lib/python3.10/site-packages/ros_tcp_endpoint
[0.358s] copying /home/uav_project/ros2_ws/build/ros_tcp_endpoint/build/lib/ros_tcp_endpoint/unity_service.py -> /home/uav_project/ros2_ws/install/ros_tcp_endpoint/lib/python3.10/site-packages/ros_tcp_endpoint
[0.359s] copying /home/uav_project/ros2_ws/build/ros_tcp_endpoint/build/lib/ros_tcp_endpoint/tcp_sender.py -> /home/uav_project/ros2_ws/install/ros_tcp_endpoint/lib/python3.10/site-packages/ros_tcp_endpoint
[0.359s] copying /home/uav_project/ros2_ws/build/ros_tcp_endpoint/build/lib/ros_tcp_endpoint/communication.py -> /home/uav_project/ros2_ws/install/ros_tcp_endpoint/lib/python3.10/site-packages/ros_tcp_endpoint
[0.360s] copying /home/uav_project/ros2_ws/build/ros_tcp_endpoint/build/lib/ros_tcp_endpoint/exceptions.py -> /home/uav_project/ros2_ws/install/ros_tcp_endpoint/lib/python3.10/site-packages/ros_tcp_endpoint
[0.361s] copying /home/uav_project/ros2_ws/build/ros_tcp_endpoint/build/lib/ros_tcp_endpoint/publisher.py -> /home/uav_project/ros2_ws/install/ros_tcp_endpoint/lib/python3.10/site-packages/ros_tcp_endpoint
[0.361s] copying /home/uav_project/ros2_ws/build/ros_tcp_endpoint/build/lib/ros_tcp_endpoint/default_server_endpoint.py -> /home/uav_project/ros2_ws/install/ros_tcp_endpoint/lib/python3.10/site-packages/ros_tcp_endpoint
[0.362s] byte-compiling /home/uav_project/ros2_ws/install/ros_tcp_endpoint/lib/python3.10/site-packages/ros_tcp_endpoint/service.py to service.cpython-310.pyc
[0.363s] byte-compiling /home/uav_project/ros2_ws/install/ros_tcp_endpoint/lib/python3.10/site-packages/ros_tcp_endpoint/server.py to server.cpython-310.pyc
[0.365s] byte-compiling /home/uav_project/ros2_ws/install/ros_tcp_endpoint/lib/python3.10/site-packages/ros_tcp_endpoint/client.py to client.cpython-310.pyc
[0.366s] byte-compiling /home/uav_project/ros2_ws/install/ros_tcp_endpoint/lib/python3.10/site-packages/ros_tcp_endpoint/subscriber.py to subscriber.cpython-310.pyc
[0.366s] byte-compiling /home/uav_project/ros2_ws/install/ros_tcp_endpoint/lib/python3.10/site-packages/ros_tcp_endpoint/__init__.py to __init__.cpython-310.pyc
[0.367s] byte-compiling /home/uav_project/ros2_ws/install/ros_tcp_endpoint/lib/python3.10/site-packages/ros_tcp_endpoint/thread_pauser.py to thread_pauser.cpython-310.pyc
[0.368s] byte-compiling /home/uav_project/ros2_ws/install/ros_tcp_endpoint/lib/python3.10/site-packages/ros_tcp_endpoint/unity_service.py to unity_service.cpython-310.pyc
[0.369s] byte-compiling /home/uav_project/ros2_ws/install/ros_tcp_endpoint/lib/python3.10/site-packages/ros_tcp_endpoint/tcp_sender.py to tcp_sender.cpython-310.pyc
[0.370s] byte-compiling /home/uav_project/ros2_ws/install/ros_tcp_endpoint/lib/python3.10/site-packages/ros_tcp_endpoint/communication.py to communication.cpython-310.pyc
[0.370s] byte-compiling /home/uav_project/ros2_ws/install/ros_tcp_endpoint/lib/python3.10/site-packages/ros_tcp_endpoint/exceptions.py to exceptions.cpython-310.pyc
[0.371s] byte-compiling /home/uav_project/ros2_ws/install/ros_tcp_endpoint/lib/python3.10/site-packages/ros_tcp_endpoint/publisher.py to publisher.cpython-310.pyc
[0.372s] byte-compiling /home/uav_project/ros2_ws/install/ros_tcp_endpoint/lib/python3.10/site-packages/ros_tcp_endpoint/default_server_endpoint.py to default_server_endpoint.cpython-310.pyc
[0.373s] running install_data
[0.373s] creating /home/uav_project/ros2_ws/install/ros_tcp_endpoint/share/ament_index
[0.374s] creating /home/uav_project/ros2_ws/install/ros_tcp_endpoint/share/ament_index/resource_index
[0.374s] creating /home/uav_project/ros2_ws/install/ros_tcp_endpoint/share/ament_index/resource_index/packages
[0.374s] copying resource/ros_tcp_endpoint -> /home/uav_project/ros2_ws/install/ros_tcp_endpoint/share/ament_index/resource_index/packages
[0.375s] copying package.xml -> /home/uav_project/ros2_ws/install/ros_tcp_endpoint/share/ros_tcp_endpoint
[0.375s] creating /home/uav_project/ros2_ws/install/ros_tcp_endpoint/share/ros_tcp_endpoint/launch
[0.375s] copying launch/endpoint.py -> /home/uav_project/ros2_ws/install/ros_tcp_endpoint/share/ros_tcp_endpoint/launch
[0.377s] running install_egg_info
[0.377s] Copying ../../build/ros_tcp_endpoint/ros_tcp_endpoint.egg-info to /home/uav_project/ros2_ws/install/ros_tcp_endpoint/lib/python3.10/site-packages/ros_tcp_endpoint-0.0.1-py3.10.egg-info
[0.382s] running install_scripts
[0.392s] Installing default_server_endpoint script to /home/uav_project/ros2_ws/install/ros_tcp_endpoint/lib/ros_tcp_endpoint
[0.396s] writing list of installed files to '/home/uav_project/ros2_ws/build/ros_tcp_endpoint/install.log'
[0.406s] Invoked command in '/home/uav_project/ros2_ws/src/ROS-TCP-Endpoint' returned '0': PYTHONPATH=/home/uav_project/ros2_ws/build/ros_tcp_endpoint/prefix_override:/usr/lib/python3/dist-packages/colcon_core/task/python/colcon_distutils_commands:/home/uav_project/ros2_ws/install/ros_tcp_endpoint/lib/python3.10/site-packages:${PYTHONPATH} /usr/bin/python3 -W ignore:setup.py install is deprecated -W ignore:easy_install command is deprecated setup.py egg_info --egg-base ../../build/ros_tcp_endpoint build --build-base /home/uav_project/ros2_ws/build/ros_tcp_endpoint/build install --record /home/uav_project/ros2_ws/build/ros_tcp_endpoint/install.log --install-scripts $base/lib/ros_tcp_endpoint --single-version-externally-managed install_data
