[0.021s] Invoking command in '/home/uav_project/ros2_ws/build/ros_tcp_endpoint': /usr/bin/cmake /home/uav_project/ros2_ws/src/ROS-TCP-Endpoint -DCATKIN_INSTALL_INTO_PREFIX_ROOT=0 -DCMAKE_INSTALL_PREFIX=/home/uav_project/ros2_ws/install/ros_tcp_endpoint
[0.046s] [0mCMake Deprecation Warning at CMakeLists.txt:1 (cmake_minimum_required):
[0.046s]   Compatibility with CMake < 2.8.12 will be removed from a future version of
[0.046s]   CMake.
[0.047s] 
[0.047s]   Update the VERSION argument <min> value or use a ...<max> suffix to tell
[0.047s]   CMake that the project does not need compatibility with older versions.
[0.047s] 
[0.047s] [0m
[0.141s] -- The C compiler identification is GNU 11.4.0
[0.218s] -- The CXX compiler identification is GNU 11.4.0
[0.224s] -- Detecting C compiler ABI info
[0.292s] -- Detecting C compiler ABI info - done
[0.298s] -- Check for working C compiler: /usr/bin/cc - skipped
[0.299s] -- Detecting C compile features
[0.299s] -- Detecting C compile features - done
[0.303s] -- Detecting CXX compiler ABI info
[0.372s] -- Detecting CXX compiler ABI info - done
[0.379s] -- Check for working CXX compiler: /usr/bin/c++ - skipped
[0.379s] -- Detecting CXX compile features
[0.380s] -- Detecting CXX compile features - done
[0.392s] [31mCMake Error at CMakeLists.txt:4 (find_package):
[0.392s]   By not providing "Findcatkin.cmake" in CMAKE_MODULE_PATH this project has
[0.393s]   asked CMake to find a package configuration file provided by "catkin", but
[0.393s]   CMake did not find one.
[0.394s] 
[0.395s]   Could not find a package configuration file provided by "catkin" with any
[0.395s]   of the following names:
[0.396s] 
[0.397s]     catkinConfig.cmake
[0.397s]     catkin-config.cmake
[0.397s] 
[0.397s]   Add the installation prefix of "catkin" to CMAKE_PREFIX_PATH or set
[0.398s]   "catkin_DIR" to a directory containing one of the above files.  If "catkin"
[0.398s]   provides a separate development package or SDK, be sure it has been
[0.398s]   installed.
[0.398s] 
[0.398s] [0m
[0.398s] -- Configuring incomplete, errors occurred!
[0.398s] See also "/home/uav_project/ros2_ws/build/ros_tcp_endpoint/CMakeFiles/CMakeOutput.log".
[0.399s] Invoked command in '/home/uav_project/ros2_ws/build/ros_tcp_endpoint' returned '1': /usr/bin/cmake /home/uav_project/ros2_ws/src/ROS-TCP-Endpoint -DCATKIN_INSTALL_INTO_PREFIX_ROOT=0 -DCMAKE_INSTALL_PREFIX=/home/uav_project/ros2_ws/install/ros_tcp_endpoint
